// Vitest Snapshot v1, https://vitest.dev/guide/snapshot.html

exports[`hebcal fixture → rows > is deterministic: two calls give identical rows and source_keys 1`] = `
[
  "hebcal:2027:tu-bishvat",
  "hebcal:2027:purim-katan",
  "hebcal:2027:shushan-purim-katan",
  "hebcal:2027:erev-purim",
  "hebcal:2027:taanit-esther",
  "hebcal:2027:purim",
  "hebcal:2027:shushan-purim",
  "hebcal:2027:yom-haaliyah",
  "hebcal:2027:erev-pesach",
  "hebcal:2027:taanit-bechorot",
  "hebcal:2027:pesach",
  "hebcal:2027:yom-hashoah",
  "hebcal:2027:yom-hazikaron",
  "hebcal:2027:yom-haatzmaut",
  "hebcal:2027:pesach-sheni",
  "hebcal:2027:lag-baomer",
  "hebcal:2027:yom-yerushalayim",
  "hebcal:2027:erev-shavuot",
  "hebcal:2027:shavuot",
  "hebcal:2027:tzom-tammuz",
  "hebcal:2027:erev-tisha-bav",
  "hebcal:2027:tisha-bav",
  "hebcal:2027:tu-bav",
  "hebcal:2027:rosh-hashana-labehemot",
  "hebcal:2027:leil-selichot",
  "hebcal:2027:erev-rosh-hashana",
  "hebcal:2027:rosh-hashana",
  "hebcal:2027:tzom-gedaliah",
  "hebcal:2027:erev-yom-kippur",
  "hebcal:2027:yom-kippur",
  "hebcal:2027:erev-sukkot",
  "hebcal:2027:sukkot",
  "hebcal:2027:shmini-atzeret",
  "hebcal:2027:simchat-torah",
  "hebcal:2027:sigd",
  "hebcal:2027:chanukah",
  "hebcal:2027:chag-habanot",
]
`;
