// Vitest Snapshot v1, https://vitest.dev/guide/snapshot.html

exports[`kitsu fixture → rows > is deterministic across two calls; sorted by start date then id 1`] = `
[
  [
    "kitsu:anime:49971",
    "sound-euphonium-the-final-movie-part-2-anime-film-release-2026-09-11",
    "2026-09-11",
    "scheduled",
    20,
  ],
  [
    "kitsu:anime:51000",
    "meitantei-precure-fushigi-na-niwa-to-futari-no-himitsu-anime-film-release-2026-09-18",
    "2026-09-18",
    "scheduled",
    20,
  ],
  [
    "kitsu:anime:50999",
    "detective-conan-the-counterfeit-case-of-ultra-30-anime-film-release-2026-09-25",
    "2026-09-25",
    "scheduled",
    20,
  ],
  [
    "kitsu:anime:50656",
    "lego-one-piece-premiere-2026-09-29",
    "2026-09-29",
    "scheduled",
    20,
  ],
  [
    "kitsu:anime:50827",
    "the-ramparts-of-ice-season-2-premiere-2026-10-01",
    "2026-10-01",
    "scheduled",
    21,
  ],
  [
    "kitsu:anime:50983",
    "chocotto-yabacity-premiere-2026-10-01",
    "2026-10-01",
    "scheduled",
    20,
  ],
  [
    "kitsu:anime:50987",
    "fx-fighter-kurumi-chan-premiere-2026-10-01",
    "2026-10-01",
    "scheduled",
    20,
  ],
  [
    "kitsu:anime:48960",
    "tokyo-revengers-the-three-deities-premiere-2026-10-02",
    "2026-10-02",
    "scheduled",
    24,
  ],
  [
    "kitsu:anime:50021",
    "the-apothecary-diaries-season-3-premiere-2026-10-02",
    "2026-10-02",
    "scheduled",
    24,
  ],
  [
    "kitsu:anime:50715",
    "kizu-darake-seijo-yori-houfuku-wo-komete-season2-premiere-2026-10-02",
    "2026-10-02",
    "scheduled",
    20,
  ],
  [
    "kitsu:anime:50743",
    "temppal-item-no-chikara-premiere-2026-10-02",
    "2026-10-02",
    "tentative",
    20,
  ],
  [
    "kitsu:anime:47985",
    "magical-explorer-eroge-no-yuujin-chara-ni-tensei-shitakedo-game-chishiki-tsukatt-2026-10-03",
    "2026-10-03",
    "scheduled",
    20,
  ],
  [
    "kitsu:anime:50024",
    "black-clover-season-2-premiere-2026-10-03",
    "2026-10-03",
    "scheduled",
    24,
  ],
  [
    "kitsu:anime:50626",
    "ranma1-2-2024-season-3-premiere-2026-10-03",
    "2026-10-03",
    "scheduled",
    20,
  ],
  [
    "kitsu:anime:50992",
    "sgt-frog-premiere-2026-10-03",
    "2026-10-03",
    "scheduled",
    20,
  ],
  [
    "kitsu:anime:51001",
    "little-mouse-s-red-vest-2-premiere-2026-10-03",
    "2026-10-03",
    "scheduled",
    20,
  ],
  [
    "kitsu:anime:50640",
    "sensha-isu-tank-chair-premiere-2026-10-04",
    "2026-10-04",
    "scheduled",
    20,
  ],
  [
    "kitsu:anime:50740",
    "the-shy-snow-woman-and-the-cursed-ring-premiere-2026-10-04",
    "2026-10-04",
    "scheduled",
    20,
  ],
  [
    "kitsu:anime:50993",
    "kashita-maryoku-wa-de-kyousei-choushuu-premiere-2026-10-04",
    "2026-10-04",
    "scheduled",
    20,
  ],
  [
    "kitsu:anime:50996",
    "mahou-no-shimai-luluttolilly-part-2-premiere-2026-10-04",
    "2026-10-04",
    "scheduled",
    20,
  ],
  [
    "kitsu:anime:50997",
    "fairy-princess-minky-momo-new-ova-premiere-2026-11-13",
    "2026-11-13",
    "scheduled",
    20,
  ],
  [
    "kitsu:anime:45666",
    "witch-on-the-holy-night-anime-film-release-2026-11-20",
    "2026-11-20",
    "scheduled",
    26,
  ],
  [
    "kitsu:anime:48708",
    "killtube-anime-film-release-2026-12-01",
    "2026-12-01",
    "tentative",
    20,
  ],
]
`;
