// Vitest Snapshot v1, https://vitest.dev/guide/snapshot.html

exports[`musicbrainz search fixture → rows > is deterministic across two calls (same rows, same source_keys, same candidates) 1`] = `
[
  [
    "musicbrainz:event:2ee0f0fb-9103-4128-ac28-5ef5f7e71499",
    "gilmore-piano-festival-2026-2026-01-01",
    "2026-01-01",
    "2026-12-31",
    "year",
    "GLOBAL",
    30,
  ],
  [
    "musicbrainz:event:495b809d-53ed-4a0c-b18b-f0b1878b02d2",
    "audiofeed-music-festival-2026-2026-01-01",
    "2026-01-01",
    "2026-12-31",
    "year",
    "GLOBAL",
    30,
  ],
  [
    "musicbrainz:event:7e99bfc4-bef6-48ec-b633-66c8388faab9",
    "rock-in-rio-11-2026-09-11",
    "2026-09-11",
    "2026-09-13",
    "day",
    "GLOBAL",
    30,
  ],
  [
    "musicbrainz:event:dce1fdaa-26b3-42d8-9ad1-1ede3e2ce3e7",
    "brancaster-staithe-sea-shanty-festival-2026-09-11",
    "2026-09-11",
    "2026-09-13",
    "day",
    "GLOBAL",
    30,
  ],
  [
    "musicbrainz:event:bbf52fae-0c92-430b-b8b1-52bb74dad1cf",
    "loyg-festival-2026-09-12",
    "2026-09-12",
    null,
    "day",
    "GLOBAL",
    30,
  ],
  [
    "musicbrainz:event:3456ee5c-4f99-4201-8874-fe3cb352de15",
    "up-in-smoke-festival-2026-2026-10-02",
    "2026-10-02",
    "2026-10-04",
    "day",
    "GLOBAL",
    30,
  ],
  [
    "musicbrainz:event:982f5f45-ab9d-43d8-91d7-04cb134f6012",
    "in-the-key-of-doom-2026-10-02",
    "2026-10-02",
    "2026-10-03",
    "day",
    "GLOBAL",
    35,
  ],
  [
    "musicbrainz:event:8a978599-0bbc-49e1-8040-7b103d756022",
    "force-festival-2026-2026-10-24",
    "2026-10-24",
    null,
    "day",
    "GLOBAL",
    30,
  ],
  [
    "musicbrainz:event:9679991a-8eed-4c54-8010-17b27d4ec983",
    "tyrant-fest-2026-2026-10-24",
    "2026-10-24",
    "2026-10-25",
    "day",
    "GLOBAL",
    30,
  ],
  [
    "musicbrainz:event:262b0e10-1199-4823-80c3-784dbda52b3f",
    "flyover-fest-2026-2026-11-07",
    "2026-11-07",
    null,
    "day",
    "GLOBAL",
    35,
  ],
  [
    "musicbrainz:event:bb3f79a3-35ea-434f-a5fa-6f121405a8fe",
    "nova-rock-2027-2027-06-10",
    "2027-06-10",
    "2027-06-12",
    "day",
    "GLOBAL",
    35,
  ],
  [
    "musicbrainz:event:39aa7c23-a621-4a07-86b0-7c12d692ac97",
    "rockharz-open-air-2027-2027-07-07",
    "2027-07-07",
    "2027-07-10",
    "day",
    "GLOBAL",
    35,
  ],
]
`;
