// Vitest Snapshot v1, https://vitest.dev/guide/snapshot.html

exports[`tvmaze fixture → rows > is deterministic across two calls; sorted by weight desc 1`] = `
[
  [
    "tvmaze:ep:3717627",
    "all-creatures-great-and-small-season-7-premiere-2026-09-17",
    "2026-09-17T20:00:00Z",
    "instant",
    "Europe/London",
    "GB",
    "tv",
  ],
  [
    "tvmaze:ep:3717241",
    "high-country-season-2-premiere-2026-09-14",
    "2026-09-14",
    "day",
    "Australia/Sydney",
    "AU",
    "tv",
  ],
  [
    "tvmaze:ep:3693908",
    "war-series-premiere-2026-10-01",
    "2026-10-01",
    "day",
    "America/New_York",
    "US",
    "tv",
  ],
  [
    "tvmaze:ep:3444239",
    "the-emmy-awards-2026-2026-09-14",
    "2026-09-15T00:00:00Z",
    "instant",
    "America/New_York",
    "US",
    "tv",
  ],
  [
    "tvmaze:ep:3599814",
    "city-of-blood-series-premiere-2026-09-16",
    "2026-09-16",
    "day",
    null,
    "GLOBAL",
    "tv",
  ],
  [
    "tvmaze:ep:3726131",
    "as-a-reincarnated-aristocrat-i-ll-use-my-appraisal-skill-to-rise-in-the-new-worl-2026-09-28",
    "2026-09-28T14:30:00Z",
    "instant",
    "Asia/Tokyo",
    "JP",
    "anime",
  ],
  [
    "tvmaze:ep:3696904",
    "dang-series-premiere-2026-09-08",
    "2026-09-08",
    "day",
    null,
    "GLOBAL",
    "tv",
  ],
  [
    "tvmaze:ep:3694402",
    "rett-skal-v-re-rett-series-premiere-2026-09-16",
    "2026-09-16",
    "day",
    null,
    "GLOBAL",
    "tv",
  ],
]
`;
