// Vitest Snapshot v1, https://vitest.dev/guide/snapshot.html

exports[`wikipedia-categories: category unit over fixtures > emits validated rows with stable source_keys across two runs 1`] = `
[
  {
    "category": "sports",
    "date": "2028-07-14",
    "date_precision": "day",
    "end_date": "2028-07-30",
    "featured": true,
    "image": "https://upload.wikimedia.org/wikipedia/commons/e/e8/2028_Summer_Olympics_Logo.svg",
    "jsonld": true,
    "popularity": 85,
    "regions": [
      "US",
    ],
    "slug": "2028-summer-olympics-2028-07-14",
    "source_key": "wikipedia-categories:12695048",
    "status": "scheduled",
  },
  {
    "category": "sports",
    "date": "2026-09-19",
    "date_precision": "day",
    "end_date": "2026-10-04",
    "featured": false,
    "image": null,
    "jsonld": true,
    "popularity": 40,
    "regions": [
      "JP",
    ],
    "slug": "2026-asian-games-2026-09-19",
    "source_key": "wikipedia-categories:51790406",
    "status": "scheduled",
  },
  {
    "category": "sports",
    "date": "2032-07-23",
    "date_precision": "day",
    "end_date": "2032-08-08",
    "featured": true,
    "image": null,
    "jsonld": true,
    "popularity": 85,
    "regions": [
      "AU",
    ],
    "slug": "2032-summer-olympics-2032-07-23",
    "source_key": "wikipedia-categories:55906814",
    "status": "scheduled",
  },
  {
    "category": "sports",
    "date": "2027-10-01",
    "date_precision": "day",
    "end_date": "2027-11-13",
    "featured": true,
    "image": null,
    "jsonld": false,
    "popularity": 85,
    "regions": [
      "AU",
    ],
    "slug": "2027-rugby-world-cup-2027-10-01",
    "source_key": "wikipedia-categories:57615977",
    "status": "scheduled",
  },
  {
    "category": "sports",
    "date": "2030-02-01",
    "date_precision": "day",
    "end_date": "2030-02-17",
    "featured": true,
    "image": "https://upload.wikimedia.org/wikipedia/commons/b/bc/2030_Winter_Olympics_logo_%28English%29.svg",
    "jsonld": true,
    "popularity": 85,
    "regions": [
      "FR",
    ],
    "slug": "2030-winter-olympics-2030-02-01",
    "source_key": "wikipedia-categories:57658858",
    "status": "scheduled",
  },
  {
    "category": "sports",
    "date": "2027-07-02",
    "date_precision": "day",
    "end_date": "2027-07-18",
    "featured": false,
    "image": "https://upload.wikimedia.org/wikipedia/commons/9/9b/Lima_2027_games_logotype.svg",
    "jsonld": false,
    "popularity": 40,
    "regions": [
      "PE",
    ],
    "slug": "2027-pan-american-games-2027-07-02",
    "source_key": "wikipedia-categories:59735804",
    "status": "scheduled",
  },
  {
    "category": "sports",
    "date": "2026-01-01",
    "date_precision": "year",
    "end_date": null,
    "featured": false,
    "image": "https://upload.wikimedia.org/wikipedia/commons/2/24/Dakar_2026_Summer_Youth_Olympic_Games.svg",
    "jsonld": false,
    "popularity": 40,
    "regions": [
      "SN",
    ],
    "slug": "2026-summer-youth-olympics-2026-01-01",
    "source_key": "wikipedia-categories:64557687",
    "status": "tentative",
  },
  {
    "category": "sports",
    "date": "2029-01-01",
    "date_precision": "year",
    "end_date": null,
    "featured": false,
    "image": null,
    "jsonld": false,
    "popularity": 40,
    "regions": [
      "DE",
    ],
    "slug": "2029-world-games-2029-01-01",
    "source_key": "wikipedia-categories:83046654",
    "status": "tentative",
  },
]
`;

exports[`wikipedia-categories: electoral calendar > runs the 2027 unit: politics rows, country regions, G20/presidential popularity, ids only for year-prefixed articles 1`] = `
[
  {
    "category": "politics",
    "date": "2027-01-16",
    "date_precision": "day",
    "end_date": null,
    "featured": false,
    "image": null,
    "jsonld": false,
    "popularity": 60,
    "regions": [
      "NG",
    ],
    "slug": "2027-nigerian-general-election-2027-01-16",
    "source_key": "wikipedia-categories:elections:2027:2027-nigerian-general-election",
    "status": "scheduled",
  },
  {
    "category": "politics",
    "date": "2027-01-27",
    "date_precision": "day",
    "end_date": null,
    "featured": false,
    "image": null,
    "jsonld": false,
    "popularity": 60,
    "regions": [
      "KG",
    ],
    "slug": "2027-kyrgyz-presidential-election-2027-01-27",
    "source_key": "wikipedia-categories:elections:2027:2027-kyrgyz-presidential-election",
    "status": "scheduled",
  },
  {
    "category": "politics",
    "date": "2027-02-28",
    "date_precision": "day",
    "end_date": null,
    "featured": false,
    "image": null,
    "jsonld": false,
    "popularity": 60,
    "regions": [
      "SV",
    ],
    "slug": "2027-salvadoran-presidential-election-2027-02-28",
    "source_key": "wikipedia-categories:elections:2027:2027-salvadoran-presidential-election",
    "status": "scheduled",
  },
  {
    "category": "politics",
    "date": "2027-02-28",
    "date_precision": "day",
    "end_date": null,
    "featured": false,
    "image": null,
    "jsonld": false,
    "popularity": 45,
    "regions": [
      "SV",
    ],
    "slug": "2027-salvadoran-legislative-election-2027-02-28",
    "source_key": "wikipedia-categories:elections:2027:2027-salvadoran-legislative-election",
    "status": "scheduled",
  },
  {
    "category": "politics",
    "date": "2027-03-02",
    "date_precision": "day",
    "end_date": null,
    "featured": false,
    "image": null,
    "jsonld": false,
    "popularity": 60,
    "regions": [
      "FM",
    ],
    "slug": "2027-micronesian-general-election-2027-03-02",
    "source_key": "wikipedia-categories:elections:2027:2027-micronesian-general-election",
    "status": "scheduled",
  },
  {
    "category": "politics",
    "date": "2027-04-10",
    "date_precision": "day",
    "end_date": null,
    "featured": false,
    "image": null,
    "jsonld": false,
    "popularity": 45,
    "regions": [
      "GM",
    ],
    "slug": "2027-gambian-parliamentary-election-2027-04-10",
    "source_key": "wikipedia-categories:elections:2027:2027-gambian-parliamentary-election",
    "status": "scheduled",
  },
  {
    "category": "politics",
    "date": "2027-04-18",
    "date_precision": "day",
    "end_date": null,
    "featured": false,
    "image": null,
    "jsonld": false,
    "popularity": 70,
    "regions": [
      "FR",
    ],
    "slug": "2027-french-presidential-election-2027-04-18",
    "source_key": "wikipedia-categories:elections:2027:2027-french-presidential-election",
    "status": "scheduled",
  },
  {
    "category": "politics",
    "date": "2027-04-18",
    "date_precision": "day",
    "end_date": null,
    "featured": false,
    "image": null,
    "jsonld": false,
    "popularity": 45,
    "regions": [
      "FI",
    ],
    "slug": "2027-finnish-parliamentary-election-2027-04-18",
    "source_key": "wikipedia-categories:elections:2027:2027-finnish-parliamentary-election",
    "status": "scheduled",
  },
  {
    "category": "politics",
    "date": "2027-01-30",
    "date_precision": "day",
    "end_date": null,
    "featured": false,
    "image": null,
    "jsonld": false,
    "popularity": 70,
    "regions": [
      "DE",
    ],
    "slug": "2027-german-presidential-election-2027-01-30",
    "source_key": "wikipedia-categories:elections:2027:2027-german-presidential-election",
    "status": "scheduled",
  },
]
`;
